// Jest Snapshot v1, https://goo.gl/fbAQLP

exports[`Pruebas en <GifGrid/> debe de hacer match con el snapshot de la primer carga 1`] = `
<Fragment>
  <h3
    className="animate__animated animate__fadeIn"
  >
    jjba
  </h3>
  <p
    className="animate__animated animate__flash"
  >
    Loading
  </p>
  <div
    className="card-grid"
  />
</Fragment>
`;
